// Jest Snapshot v1, https://goo.gl/fbAQLP

exports[`should render expense dashboard page 1`] = `
<div>
  <h3>
    ExpenseDashboardPage
  </h3>
  <Connect(ExpenseListFilters) />
  <Connect(ExpenseList) />
</div>
`;
